=== STEP 6 — USER-VISIBLE PROOF: the zig-built tmux runs — 2026-06-29T11:48:07Z ===
## binary: /run/media/milosvasic/DATA4TB/Projects/tmux/.local-deps/poc-20260629/build/tmux-3.6a/tmux
/run/media/milosvasic/DATA4TB/Projects/tmux/.local-deps/poc-20260629/build/tmux-3.6a/tmux: ELF 64-bit LSB executable, x86-64, version 1 (SYSV), dynamically linked, interpreter /lib64/ld-linux-x86-64.so.2, for GNU/Linux 2.0.0, with debug_info, not stripped

## ldd (runtime shared-lib resolution; note local-prefix libevent/jemalloc via rpath):
	linux-vdso.so.1 (0x00007f4f79e1b000)
	/lib64/libjemalloc.so.2 (0x00007f4f79a00000)
	libtinfo.so.6 => /lib64/libtinfo.so.6 (0x00007f4f79de0000)
	libevent_core-2.1.so.7 => /lib64/libevent_core-2.1.so.7 (0x00007f4f79daa000)
	libncurses.so.6 => /lib64/libncurses.so.6 (0x00007f4f79d80000)
	libm.so.6 => /lib64/libm.so.6 (0x00007f4f79919000)
	libc.so.6 => /lib64/libc.so.6 (0x00007f4f7971f000)
	libresolv.so.2 => /lib64/libresolv.so.2 (0x00007f4f79d6c000)
	libstdc++.so.6 => /lib64/libstdc++.so.6 (0x00007f4f79400000)
	libgcc_s.so.1 => /lib64/libgcc_s.so.1 (0x00007f4f79d3f000)
	/lib64/ld-linux-x86-64.so.2 (0x00007f4f79e1d000)
	libgpm.so.1 => /lib64/libgpm.so.1 (0x00007f4f79d37000)

## readelf RPATH/RUNPATH (baked-in local-dep search path):
 0x000000000000001d (RUNPATH)            Library runpath: [/run/media/milosvasic/DATA4TB/Projects/tmux/.local-deps/poc-20260629/prefix/lib]
 0x0000000000000001 (NEEDED)             Shared library: [libjemalloc.so.2]
 0x0000000000000001 (NEEDED)             Shared library: [libtinfo.so.6]
 0x0000000000000001 (NEEDED)             Shared library: [libevent_core-2.1.so.7]
 0x0000000000000001 (NEEDED)             Shared library: [libncurses.so.6]
 0x0000000000000001 (NEEDED)             Shared library: [libm.so.6]
 0x0000000000000001 (NEEDED)             Shared library: [libc.so.6]
 0x0000000000000001 (NEEDED)             Shared library: [libresolv.so.2]

## tmux -V (MUST print 'tmux 3.6a'):
tmux 3.6a

## confirm jemalloc IS linked (DT_NEEDED), matching the project's hardened build:
 0x0000000000000001 (NEEDED)             Shared library: [libjemalloc.so.2]
