rm -f compat/unvis.o
rm -f compat/vis.o
[build_native] configuring...
checking whether F_CLOSEM is declared... no
checking for /proc/$$... yes
checking TERM... tmux-256color
checking platform... linux
checking for vlock... no
checking lock-command... lock -np
checking that generated files are newer than configure... done
configure: creating ./config.status
config.status: creating Makefile
config.status: executing depfiles commands
mv -f $depbase.Tpo $depbase.Po
depbase=`echo cmd-parse.o | sed 's|[^/]*$|.deps/&|;s|\.o$||'`;\
gcc -DPACKAGE_NAME=\"tmux\" -DPACKAGE_TARNAME=\"tmux\" -DPACKAGE_VERSION=\"3.6a\" -DPACKAGE_STRING=\"tmux\ 3.6a\" -DPACKAGE_BUGREPORT=\"\" -DPACKAGE_URL=\"\" -DPACKAGE=\"tmux\" -DVERSION=\"3.6a\" -DHAVE_STDIO_H=1 -DHAVE_STDLIB_H=1 -DHAVE_STRING_H=1 -DHAVE_INTTYPES_H=1 -DHAVE_STDINT_H=1 -DHAVE_STRINGS_H=1 -DHAVE_SYS_STAT_H=1 -DHAVE_SYS_TYPES_H=1 -DHAVE_UNISTD_H=1 -DHAVE_WCHAR_H=1 -DSTDC_HEADERS=1 -D_ALL_SOURCE=1 -D_DARWIN_C_SOURCE=1 -D_GNU_SOURCE=1 -D_HPUX_ALT_XOPEN_SOCKET_API=1 -D_NETBSD_SOURCE=1 -D_OPENBSD_SOURCE=1 -D_POSIX_PTHREAD_SEMANTICS=1 -D__STDC_WANT_IEC_60559_ATTRIBS_EXT__=1 -D__STDC_WANT_IEC_60559_BFP_EXT__=1 -D__STDC_WANT_IEC_60559_DFP_EXT__=1 -D__STDC_WANT_IEC_60559_FUNCS_EXT__=1 -D__STDC_WANT_IEC_60559_TYPES_EXT__=1 -D__STDC_WANT_LIB_EXT2__=1 -D__STDC_WANT_MATH_SPEC_FUNCS__=1 -D_TANDEM_SOURCE=1 -D__EXTENSIONS__=1 -DHAVE_DIRENT_H=1 -DHAVE_FCNTL_H=1 -DHAVE_INTTYPES_H=1 -DHAVE_PATHS_H=1 -DHAVE_PTY_H=1 -DHAVE_STDINT_H=1 -DHAVE_SYS_DIR_H=1 -DHAVE_LIBM=1 -DHAVE_DIRFD=1 -DHAVE_FLOCK=1 -DHAVE_PRCTL=1 -DHAVE_SYSCONF=1 -DHAVE_ASPRINTF=1 -DHAVE_CFMAKERAW=1 -DHAVE_CLOCK_GETTIME=1 -DHAVE_CLOSEFROM=1 -DHAVE_EXPLICIT_BZERO=1 -DHAVE_GETDTABLESIZE=1 -DHAVE_GETLINE=1 -DHAVE_MEMMEM=1 -DHAVE_SETENV=1 -DHAVE_STRCASESTR=1 -DHAVE_STRNDUP=1 -DHAVE_STRSEP=1 -DHAVE_EVENT2_EVENT_H=1 -DHAVE_NCURSES_H=1 -DHAVE_TIPARM=1 -DHAVE_B64_NTOP=1 -DHAVE_MALLOC_TRIM=1 -DHAVE_DAEMON=1 -DHAVE_FORKPTY=1 -DHAVE___PROGNAME=1 -DHAVE_PROGRAM_INVOCATION_SHORT_NAME=1 -DHAVE_PR_SET_NAME=1 -DHAVE_SO_PEERCRED=1 -DHAVE_PROC_PID=1 -I.  -D_DEFAULT_SOURCE -D_XOPEN_SOURCE=600 -DTMUX_VERSION='"3.6a"' -DTMUX_CONF='"/etc/tmux.conf:~/.tmux.conf:$XDG_CONFIG_HOME/tmux/tmux.conf:~/.config/tmux/tmux.conf"' -DTMUX_LOCK_CMD='"lock -np"' -DTMUX_TERM='"tmux-256color"'  -iquote.        -std=gnu99 -O2    -O2 -DNDEBUG -fstack-protector-strong -D_FORTIFY_SOURCE=2                 -Wno-unused-parameter -Wno-deprecated-declarations -MT cmd-parse.o -MD -MP -MF $depbase.Tpo -c -o cmd-parse.o cmd-parse.c &&\
mv -f $depbase.Tpo $depbase.Po
gcc -std=gnu99 -O2    -O2 -DNDEBUG -fstack-protector-strong -D_FORTIFY_SOURCE=2                 -Wno-unused-parameter -Wno-deprecated-declarations  -Wl,-z,relro,-z,now                  -Wl,--no-as-needed -ljemalloc -Wl,--as-needed -o tmux alerts.o arguments.o attributes.o cfg.o client.o cmd-attach-session.o cmd-bind-key.o cmd-break-pane.o cmd-capture-pane.o cmd-choose-tree.o cmd-command-prompt.o cmd-confirm-before.o cmd-copy-mode.o cmd-detach-client.o cmd-display-menu.o cmd-display-message.o cmd-display-panes.o cmd-find-window.o cmd-find.o cmd-if-shell.o cmd-join-pane.o cmd-kill-pane.o cmd-kill-server.o cmd-kill-session.o cmd-kill-window.o cmd-list-buffers.o cmd-list-clients.o cmd-list-keys.o cmd-list-panes.o cmd-list-sessions.o cmd-list-windows.o cmd-load-buffer.o cmd-lock-server.o cmd-move-window.o cmd-new-session.o cmd-new-window.o cmd-parse.o cmd-paste-buffer.o cmd-pipe-pane.o cmd-queue.o cmd-refresh-client.o cmd-rename-session.o cmd-rename-window.o cmd-resize-pane.o cmd-resize-window.o cmd-respawn-pane.o cmd-respawn-window.o cmd-rotate-window.o cmd-run-shell.o cmd-save-buffer.o cmd-select-layout.o cmd-select-pane.o cmd-select-window.o cmd-send-keys.o cmd-server-access.o cmd-set-buffer.o cmd-set-environment.o cmd-set-option.o cmd-show-environment.o cmd-show-messages.o cmd-show-options.o cmd-show-prompt-history.o cmd-source-file.o cmd-split-window.o cmd-swap-pane.o cmd-swap-window.o cmd-switch-client.o cmd-unbind-key.o cmd-wait-for.o cmd.o colour.o control-notify.o control.o environ.o file.o format.o format-draw.o grid-reader.o grid-view.o grid.o hyperlinks.o input-keys.o input.o job.o key-bindings.o key-string.o layout-custom.o layout-set.o layout.o log.o menu.o mode-tree.o names.o notify.o options-table.o options.o paste.o popup.o proc.o regsub.o resize.o screen-redraw.o screen-write.o screen.o server-acl.o server-client.o server-fn.o server.o session.o spawn.o status.o style.o tmux.o tty-acs.o tty-features.o tty-keys.o tty-term.o tty.o utf8-combined.o utf8.o window-buffer.o window-client.o window-clock.o window-copy.o window-customize.o window-tree.o window.o xmalloc.o  osdep-linux.o    compat/fgetln.o compat/freezero.o compat/getdtablecount.o compat/getpeereid.o compat/getprogname.o compat/htonll.o compat/ntohll.o compat/setproctitle.o compat/strlcat.o compat/strlcpy.o compat/strtonum.o compat/recallocarray.o compat/getopt_long.o compat/imsg.o compat/imsg-buffer.o compat/vis.o compat/unvis.o compat/fdforkpty.o -ltinfo -levent_core -lm  -lresolv
make[2]: Leaving directory '/work/repo/tmux'
make[1]: Nothing to be done for 'install-data-am'.
make[1]: Leaving directory '/work/repo/tmux'
  version: tmux 3.6a
  format:  ELF 64-bit LSB pie executable, ARM aarch64, version 1 (SYSV), dynamically linked, interpreter /lib/ld-linux-aarch64.so.1, BuildID[sha1]=13c80463cdb90256be99cb41c1f08d41009485d8, for GNU/Linux 3.7.0, not stripped

[build_native] ✓ binary produced: /work/repo/tmux/build/bin/tmux
[build_native] next: bash scripts/setup.sh   # generates tmx wrapper + installs shell snippet
